# components-catalog QA report
format: qa-log/1

[environment]
started: 2026-10-08T20:57:36+04:00
host: notebook-hp450g4
os: linux (CachyOS)
arch: amd64
kernel: 7.2.8-2-cachyos
cpu: Intel(R) Core(TM) i5-7200U CPU @ 2.50GHz
cores: 4
memory: 7.6 GiB
go: go1.27.1-X:nodwarf5
module: github.com/billydos/components-catalog
commit: d2d3a92799ba06cb2c951f23f0bcb2baadfa8c82
worktree: dirty
postgres_driver: github.com/jackc/pgx/v5 v5.11.0
sqlite_driver: modernc.org/sqlite v1.60.1
repo_root: /home/artem/repo/components-catalog
note  нога PostgreSQL опущена: CATALOG_TEST_POSTGRES_DSN / -postgres-dsn не заданы
sqlite_server: SQLite 3.53.4

[phase: build]
ok   build/catalogctl — go build ./cmd/catalogctl
ok   build/restsrv — go build ./qa/restsrv

[phase: static]
ok   static/build — go build ./...
ok   static/vet — go vet ./...
ok   static/gofmt — gofmt -l . — без изменений
ok   static/test — go test ./...

[phase: cli sqlite]
ok   cli/init — init: база инициализирована
ok   cli/import/transistors — import: data/transistors.jsonc
ok   cli/import/diodes — import: data/diodes.jsonc
ok   cli/import/resistors — import: data/resistors.jsonc
ok   cli/import/capacitors — import: data/capacitors.jsonc
ok   cli/idempotent — повторный импорт — без изменений и отказов
ok   cli/count — count: записи выборки
ok   cli/list-substr — list: подстрока обозначения и фильтр класса
ok   cli/list-system — list: фильтр системы обозначений
ok   cli/info-gost — info: карточка транзистора (система gost)
ok   cli/info-variants — info: матрица исполнений конденсатора
ok   cli/find-exact — find: точное совпадение
ok   cli/find-suggestion — find: подсказка равнозначного по материалу, код 1
ok   cli/parse-autodetect — parse: автодетект без базы
ok   cli/parse-jedec — parse: JEDEC
ok   cli/parse-invalid — parse: неверное обозначение — «Error: », код 1
ok   cli/roundtrip-ndjson — round-trip: экспорт ndjson → импорт без изменений
ok   cli/roundtrip-yaml — round-trip: полный экспорт yaml → импорт без изменений
ok   cli/dry-run — import --dry-run: контрольный прогон без записи
ok   cli/delete — delete: удаление с каскадом
ok   cli/deleted-gone — delete: запись отсутствует, код 1
ok   cli/count-after-delete — count: 65 после удаления
ok   cli/broken-import — import: битый файл — «Error: », код 1
ok   cli/catalog-list — catalog list: справка из каталога

[phase: rest sqlite]
ok   rest/ready — restsrv: готовность
ok   rest/kinds — GET /kinds: 200, классы
ok   rest/catalog — GET /catalog: 200, снимок каталога
ok   rest/catalog-etag — GET /catalog: ETag → 304
ok   rest/stats — GET /stats: 200, ревизии
ok   rest/components-search — GET /components: поиск с фильтрами
ok   rest/components-etag — GET /components: ETag → 304
ok   rest/components-parfilter — GET /components: параметрический фильтр
ok   rest/components-unknown-par — GET /components: неизвестный параметр — 400, код unknown_parameter
ok   rest/components-unknown-key — GET /components: неизвестный ключ запроса — 400, код validation_failed
ok   rest/card — GET /components/{kind}/{designation}: карточка с исполнениями
ok   rest/card-by-id — GET /components/id/{id}: карточка по стабильному id
ok   rest/post-create — POST /components: создание — 201 Added
ok   rest/post-duplicate — POST /components: повторное создание — 409 already_exists
ok   rest/put-sections — PUT /components: семантика секций — 200, секция применена
ok   rest/put-mismatch — PUT /components: несовпадение обозначения — 422 designation_mismatch
ok   rest/delete — DELETE /components: удаление — 204
ok   rest/get-after-delete — GET после DELETE — 404
ok   rest/suggest — GET /suggest: автодополнение по префиксу
ok   rest/route-404 — неизвестный маршрут — 404

[phase: load]
scale: 100000
note  load_test.go:118: диалект=sqlite база=/home/artem/repo/components-catalog/qa/tmp/load-39031753/load.db записей=100000 импорт=4m52.76s (342 записей/с)
note  load_test.go:160: поиск: подстрока обозначения                 p50=32.64ms    p95=32.90ms    цель≤100ms  ok
note  load_test.go:160: поиск: фильтры полей                         p50=704.54ms   p95=713.23ms   цель≤100ms  ПРЕВЫШЕНИЕ
note  load_test.go:160: поиск: параметрические фильтры               p50=474.14ms   p95=481.56ms   цель≤100ms  ПРЕВЫШЕНИЕ
note  load_test.go:160: поиск: параметрический фильтр (селективный)  p50=401.20ms   p95=405.98ms   цель≤100ms  ПРЕВЫШЕНИЕ
note  load_test.go:160: поиск: фильтр атрибута                       p50=167.89ms   p95=173.23ms   цель≤100ms  ПРЕВЫШЕНИЕ
note  load_test.go:160: карточка: по стабильному id                  p50=0.41ms     p95=0.43ms     цель≤20ms   ok
note  load_test.go:160: карточка: по ключу (kind, designation)       p50=0.45ms     p95=0.46ms     цель≤20ms   ok
note  load_test.go:160: suggest: префикс                             p50=5.88ms     p95=5.95ms     цель≤100ms  ok
ok   load/run — go test ./qa -run TestLoad (масштаб 100000)

[summary]
checks: 51
passed: 51
failed: 0
finished: 2026-10-08T21:02:59+04:00
duration: 5m23s
verdict: PASS
