# components-catalog QA report
format: qa-log/1

[environment]
started: 2026-10-08T23:30:54+04:00
host: notebook-hp450g4
os: linux (CachyOS)
arch: amd64
kernel: 7.2.8-2-cachyos
cpu: Intel(R) Core(TM) i5-7200U CPU @ 2.50GHz
cores: 4
memory: 7.6 GiB
go: go1.27.1-X:nodwarf5
module: github.com/billydos/components-catalog
commit: faa14565e261c70240b99a9700e70bc169739a30
worktree: dirty
postgres_driver: github.com/jackc/pgx/v5 v5.11.0
sqlite_driver: modernc.org/sqlite v1.60.1
repo_root: /home/artem/repo/components-catalog
postgres_server: PostgreSQL 16.15 on x86_64-pc-linux-musl, compiled by gcc (Alpine 15.2.0) 15.2.0, 64-bit
sqlite_server: SQLite 3.53.4

[phase: build]
ok   build/catalogctl — go build ./cmd/catalogctl
ok   build/restsrv — go build ./qa/restsrv

[phase: static]
ok   static/build — go build ./...
ok   static/vet — go vet ./...
ok   static/gofmt — gofmt -l . — без изменений
ok   static/test — go test -p 1 ./...

[phase: prepare]
ok   postgres/reset — очистка одноразовой базы PostgreSQL

[phase: cli sqlite]
ok   cli/init — init: база инициализирована
ok   cli/import/transistors — import: data/transistors.jsonc
ok   cli/import/diodes — import: data/diodes.jsonc
ok   cli/import/resistors — import: data/resistors.jsonc
ok   cli/import/capacitors — import: data/capacitors.jsonc
ok   cli/idempotent — повторный импорт — без изменений и отказов
ok   cli/count — count: записи выборки
ok   cli/list-substr — list: подстрока обозначения и фильтр класса
ok   cli/list-system — list: фильтр системы обозначений
ok   cli/info-gost — info: карточка транзистора (система gost)
ok   cli/info-variants — info: матрица исполнений конденсатора
ok   cli/find-exact — find: точное совпадение
ok   cli/find-suggestion — find: подсказка равнозначного по материалу, код 1
ok   cli/parse-autodetect — parse: автодетект без базы
ok   cli/parse-jedec — parse: JEDEC
ok   cli/parse-invalid — parse: неверное обозначение — «Error: », код 1
ok   cli/roundtrip-ndjson — round-trip: экспорт ndjson → импорт без изменений
ok   cli/roundtrip-yaml — round-trip: полный экспорт yaml → импорт без изменений
ok   cli/dry-run — import --dry-run: контрольный прогон без записи
ok   cli/delete — delete: удаление с каскадом
ok   cli/deleted-gone — delete: запись отсутствует, код 1
ok   cli/count-after-delete — count: 65 после удаления
ok   cli/broken-import — import: битый файл — «Error: », код 1
ok   cli/catalog-list — catalog list: справка из каталога

[phase: rest sqlite]
ok   rest/ready — restsrv: готовность
ok   rest/kinds — GET /kinds: 200, классы
ok   rest/catalog — GET /catalog: 200, снимок каталога
ok   rest/catalog-etag — GET /catalog: ETag → 304
ok   rest/stats — GET /stats: 200, ревизии
ok   rest/components-search — GET /components: поиск с фильтрами
ok   rest/components-etag — GET /components: ETag → 304
ok   rest/components-parfilter — GET /components: параметрический фильтр
ok   rest/components-unknown-par — GET /components: неизвестный параметр — 400, код unknown_parameter
ok   rest/components-unknown-key — GET /components: неизвестный ключ запроса — 400, код validation_failed
ok   rest/card — GET /components/{kind}/{designation}: карточка с исполнениями
ok   rest/card-by-id — GET /components/id/{id}: карточка по стабильному id
ok   rest/post-create — POST /components: создание — 201 Added
ok   rest/post-duplicate — POST /components: повторное создание — 409 already_exists
ok   rest/put-sections — PUT /components: семантика секций — 200, секция применена
ok   rest/put-mismatch — PUT /components: несовпадение обозначения — 422 designation_mismatch
ok   rest/delete — DELETE /components: удаление — 204
ok   rest/get-after-delete — GET после DELETE — 404
ok   rest/suggest — GET /suggest: автодополнение по префиксу
ok   rest/route-404 — неизвестный маршрут — 404

[phase: cli postgres]
ok   cli/init — init: база инициализирована
ok   cli/import/transistors — import: data/transistors.jsonc
ok   cli/import/diodes — import: data/diodes.jsonc
ok   cli/import/resistors — import: data/resistors.jsonc
ok   cli/import/capacitors — import: data/capacitors.jsonc
ok   cli/idempotent — повторный импорт — без изменений и отказов
ok   cli/count — count: записи выборки
ok   cli/list-substr — list: подстрока обозначения и фильтр класса
ok   cli/list-system — list: фильтр системы обозначений
ok   cli/info-gost — info: карточка транзистора (система gost)
ok   cli/info-variants — info: матрица исполнений конденсатора
ok   cli/find-exact — find: точное совпадение
ok   cli/find-suggestion — find: подсказка равнозначного по материалу, код 1
ok   cli/parse-autodetect — parse: автодетект без базы
ok   cli/parse-jedec — parse: JEDEC
ok   cli/parse-invalid — parse: неверное обозначение — «Error: », код 1
ok   cli/roundtrip-ndjson — round-trip: экспорт ndjson → импорт без изменений
ok   cli/roundtrip-yaml — round-trip: полный экспорт yaml → импорт без изменений
ok   cli/dry-run — import --dry-run: контрольный прогон без записи
ok   cli/delete — delete: удаление с каскадом
ok   cli/deleted-gone — delete: запись отсутствует, код 1
ok   cli/count-after-delete — count: 65 после удаления
ok   cli/broken-import — import: битый файл — «Error: », код 1
ok   cli/catalog-list — catalog list: справка из каталога

[phase: rest postgres]
ok   rest/ready — restsrv: готовность
ok   rest/kinds — GET /kinds: 200, классы
ok   rest/catalog — GET /catalog: 200, снимок каталога
ok   rest/catalog-etag — GET /catalog: ETag → 304
ok   rest/stats — GET /stats: 200, ревизии
ok   rest/components-search — GET /components: поиск с фильтрами
ok   rest/components-etag — GET /components: ETag → 304
ok   rest/components-parfilter — GET /components: параметрический фильтр
ok   rest/components-unknown-par — GET /components: неизвестный параметр — 400, код unknown_parameter
ok   rest/components-unknown-key — GET /components: неизвестный ключ запроса — 400, код validation_failed
ok   rest/card — GET /components/{kind}/{designation}: карточка с исполнениями
ok   rest/card-by-id — GET /components/id/{id}: карточка по стабильному id
ok   rest/post-create — POST /components: создание — 201 Added
ok   rest/post-duplicate — POST /components: повторное создание — 409 already_exists
ok   rest/put-sections — PUT /components: семантика секций — 200, секция применена
ok   rest/put-mismatch — PUT /components: несовпадение обозначения — 422 designation_mismatch
ok   rest/delete — DELETE /components: удаление — 204
ok   rest/get-after-delete — GET после DELETE — 404
ok   rest/suggest — GET /suggest: автодополнение по префиксу
ok   rest/route-404 — неизвестный маршрут — 404

[phase: load]
scale: 10000
note  load_test.go:118: диалект=sqlite база=/home/artem/repo/components-catalog/qa/tmp/load-1979908358/load.db записей=10000 импорт=34.94s (286 записей/с)
note  load_test.go:160: поиск: подстрока обозначения                 p50=5.32ms     p95=7.19ms     цель≤100ms  ok
note  load_test.go:160: поиск: фильтры полей                         p50=61.88ms    p95=70.63ms    цель≤100ms  ok
note  load_test.go:160: поиск: параметрические фильтры               p50=55.90ms    p95=88.53ms    цель≤100ms  ok
note  load_test.go:160: поиск: параметрический фильтр (селективный)  p50=50.14ms    p95=57.03ms    цель≤100ms  ok
note  load_test.go:160: поиск: фильтр атрибута                       p50=14.08ms    p95=16.98ms    цель≤100ms  ok
note  load_test.go:160: карточка: по стабильному id                  p50=0.42ms     p95=0.54ms     цель≤20ms   ok
note  load_test.go:160: карточка: по ключу (kind, designation)       p50=0.86ms     p95=1.06ms     цель≤20ms   ok
note  load_test.go:160: suggest: префикс                             p50=1.52ms     p95=2.17ms     цель≤100ms  ok
ok   load/run — go test ./qa -run TestLoad (масштаб 10000)

[summary]
checks: 96
passed: 96
failed: 0
finished: 2026-10-08T23:31:43+04:00
duration: 49s
verdict: PASS
